Component: ARM Compiler 5.06 update 5 (build 528) Tool: armlink [4d35e2]

==============================================================================

Section Cross References

    startup_stm32h750xx.o(RESET) refers to startup_stm32h750xx.o(STACK) for __initial_sp
    startup_stm32h750xx.o(RESET) refers to startup_stm32h750xx.o(.text) for Reset_Handler
    startup_stm32h750xx.o(RESET) refers to stm32h7xx_it.o(i.NMI_Handler) for NMI_Handler
    startup_stm32h750xx.o(RESET) refers to stm32h7xx_it.o(i.HardFault_Handler) for HardFault_Handler
    startup_stm32h750xx.o(RESET) refers to stm32h7xx_it.o(i.MemManage_Handler) for MemManage_Handler
    startup_stm32h750xx.o(RESET) refers to stm32h7xx_it.o(i.BusFault_Handler) for BusFault_Handler
    startup_stm32h750xx.o(RESET) refers to stm32h7xx_it.o(i.UsageFault_Handler) for UsageFault_Handler
    startup_stm32h750xx.o(RESET) refers to stm32h7xx_it.o(i.SVC_Handler) for SVC_Handler
    startup_stm32h750xx.o(RESET) refers to stm32h7xx_it.o(i.DebugMon_Handler) for DebugMon_Handler
    startup_stm32h750xx.o(RESET) refers to stm32h7xx_it.o(i.PendSV_Handler) for PendSV_Handler
    startup_stm32h750xx.o(RESET) refers to stm32h7xx_it.o(i.SysTick_Handler) for SysTick_Handler
    startup_stm32h750xx.o(RESET) refers to stm32h7xx_it.o(i.DMA2_Stream7_IRQHandler) for DMA2_Stream7_IRQHandler
    startup_stm32h750xx.o(RESET) refers to stm32h7xx_it.o(i.DCMI_IRQHandler) for DCMI_IRQHandler
    startup_stm32h750xx.o(.text) refers to system_stm32h7xx.o(i.ExitRun0Mode) for ExitRun0Mode
    startup_stm32h750xx.o(.text) refers to system_stm32h7xx.o(i.SystemInit) for SystemInit
    startup_stm32h750xx.o(.text) refers to entry.o(.ARM.Collect$$$$00000000) for __main
    main.o(i.MPU_Config) refers to stm32h7xx_hal_cortex.o(i.HAL_MPU_Disable) for HAL_MPU_Disable
    main.o(i.MPU_Config) refers to stm32h7xx_hal_cortex.o(i.HAL_MPU_ConfigRegion) for HAL_MPU_ConfigRegion
    main.o(i.MPU_Config) refers to stm32h7xx_hal_cortex.o(i.HAL_MPU_Enable) for HAL_MPU_Enable
    main.o(i.SystemClock_Config) refers to memseta.o(.text) for __aeabi_memclr4
    main.o(i.SystemClock_Config) refers to stm32h7xx_hal_pwr_ex.o(i.HAL_PWREx_ConfigSupply) for HAL_PWREx_ConfigSupply
    main.o(i.SystemClock_Config) refers to stm32h7xx_hal_rcc.o(i.HAL_RCC_OscConfig) for HAL_RCC_OscConfig
    main.o(i.SystemClock_Config) refers to stm32h7xx_hal_rcc.o(i.HAL_RCC_ClockConfig) for HAL_RCC_ClockConfig
    main.o(i.SystemClock_Config) refers to stm32h7xx_hal_rcc_ex.o(i.HAL_RCCEx_PeriphCLKConfig) for HAL_RCCEx_PeriphCLKConfig
    main.o(i.main) refers to main.o(i.MPU_Config) for MPU_Config
    main.o(i.main) refers to stm32h7xx_hal.o(i.HAL_Init) for HAL_Init
    main.o(i.main) refers to main.o(i.SystemClock_Config) for SystemClock_Config
    main.o(i.main) refers to led.o(i.LED_Init) for LED_Init
    main.o(i.main) refers to lcd_spi_154.o(i.SPI_LCD_Init) for SPI_LCD_Init
    main.o(i.main) refers to usart.o(i.USART1_Init) for USART1_Init
    main.o(i.main) refers to dcmi_ov5640.o(i.DCMI_OV5640_Init) for DCMI_OV5640_Init
    main.o(i.main) refers to dcmi_ov5640.o(i.OV5640_AF_Download_Firmware) for OV5640_AF_Download_Firmware
    main.o(i.main) refers to dcmi_ov5640.o(i.OV5640_AF_Trigger_Constant) for OV5640_AF_Trigger_Constant
    main.o(i.main) refers to dcmi_ov5640.o(i.OV5640_Set_Vertical_Flip) for OV5640_Set_Vertical_Flip
    main.o(i.main) refers to dcmi_ov5640.o(i.OV5640_Set_Horizontal_Mirror) for OV5640_Set_Horizontal_Mirror
    main.o(i.main) refers to dcmi_ov5640.o(i.OV5640_DMA_Transmit_Continuous) for OV5640_DMA_Transmit_Continuous
    main.o(i.main) refers to app_x-cube-ai.o(i.MX_X_CUBE_AI_Init) for MX_X_CUBE_AI_Init
    main.o(i.main) refers to dcmi_ov5640.o(i.OV5640_DCMI_Suspend) for OV5640_DCMI_Suspend
    main.o(i.main) refers to memcpya.o(.text) for __aeabi_memcpy
    main.o(i.main) refers to dcmi_ov5640.o(i.OV5640_DCMI_Resume) for OV5640_DCMI_Resume
    main.o(i.main) refers to app_x-cube-ai.o(i.MX_X_CUBE_AI_Process) for MX_X_CUBE_AI_Process
    main.o(i.main) refers to app_x-cube-ai.o(i.AI_GetFaceCount) for AI_GetFaceCount
    main.o(i.main) refers to app_x-cube-ai.o(i.AI_GetBestConfidence) for AI_GetBestConfidence
    main.o(i.main) refers to ui.o(i.UI_UpdateData) for UI_UpdateData
    main.o(i.main) refers to ui.o(i.UI_Draw) for UI_Draw
    main.o(i.main) refers to main.o(.data) for .data
    main.o(i.main) refers to dcmi_ov5640.o(.data) for OV5640_FrameState
    stm32h7xx_it.o(i.DCMI_IRQHandler) refers to stm32h7xx_hal_dcmi.o(i.HAL_DCMI_IRQHandler) for HAL_DCMI_IRQHandler
    stm32h7xx_it.o(i.DCMI_IRQHandler) refers to dcmi_ov5640.o(.bss) for hdcmi
    stm32h7xx_it.o(i.DMA2_Stream7_IRQHandler) refers to stm32h7xx_hal_dma.o(i.HAL_DMA_IRQHandler) for HAL_DMA_IRQHandler
    stm32h7xx_it.o(i.DMA2_Stream7_IRQHandler) refers to dcmi_ov5640.o(.bss) for DMA_Handle_dcmi
    stm32h7xx_it.o(i.SysTick_Handler) refers to stm32h7xx_hal.o(i.HAL_IncTick) for HAL_IncTick
[...]
    0x0800f7b4   0x0800f7b4   0x00000010   Data   RO          884    .constdata          yolo.o
    0x0800f7c4   0x0800f7c4   0x00000008   Data   RO          885    .constdata          yolo.o
    0x0800f7cc   0x0800f7cc   0x00000008   Data   RO          886    .constdata          yolo.o
    0x0800f7d4   0x0800f7d4   0x00000001   Data   RO          887    .constdata          yolo.o
    0x0800f7d5   0x0800f7d5   0x00000003   PAD
    0x0800f7d8   0x0800f7d8   0x00000010   Data   RO          888    .constdata          yolo.o
    0x0800f7e8   0x0800f7e8   0x00000008   Data   RO          889    .constdata          yolo.o
    0x0800f7f0   0x0800f7f0   0x00000100   Data   RO          890    .constdata          yolo.o
    0x0800f8f0   0x0800f8f0   0x00000010   Data   RO          891    .constdata          yolo.o
    0x0800f900   0x0800f900   0x00000008   Data   RO          892    .constdata          yolo.o
    0x0800f908   0x0800f908   0x00000008   Data   RO          893    .constdata          yolo.o
    0x0800f910   0x0800f910   0x00000008   Data   RO          894    .constdata          yolo.o
    0x0800f918   0x0800f918   0x00000008   Data   RO          895    .constdata          yolo.o
    0x0800f920   0x0800f920   0x00000008   Data   RO          896    .constdata          yolo.o
    0x0800f928   0x0800f928   0x00000100   Data   RO          897    .constdata          yolo.o
    0x0800fa28   0x0800fa28   0x00000010   Data   RO          898    .constdata          yolo.o
    0x0800fa38   0x0800fa38   0x00000008   Data   RO          899    .constdata          yolo.o
    0x0800fa40   0x0800fa40   0x00000008   Data   RO          900    .constdata          yolo.o
    0x0800fa48   0x0800fa48   0x00000008   Data   RO          901    .constdata          yolo.o
    0x0800fa50   0x0800fa50   0x00000008   Data   RO          902    .constdata          yolo.o
    0x0800fa58   0x0800fa58   0x00000100   Data   RO          903    .constdata          yolo.o
    0x0800fb58   0x0800fb58   0x00000010   Data   RO          904    .constdata          yolo.o
    0x0800fb68   0x0800fb68   0x00000008   Data   RO          905    .constdata          yolo.o
    0x0800fb70   0x0800fb70   0x00000008   Data   RO          906    .constdata          yolo.o
    0x0800fb78   0x0800fb78   0x00000001   Data   RO          907    .constdata          yolo.o
    0x0800fb79   0x0800fb79   0x00000003   PAD
    0x0800fb7c   0x0800fb7c   0x00000010   Data   RO          908    .constdata          yolo.o
    0x0800fb8c   0x0800fb8c   0x00000008   Data   RO          909    .constdata          yolo.o
    0x0800fb94   0x0800fb94   0x00000100   Data   RO          910    .constdata          yolo.o
    0x0800fc94   0x0800fc94   0x00000010   Data   RO          911    .constdata          yolo.o
    0x0800fca4   0x0800fca4   0x00000008   Data   RO          912    .constdata          yolo.o
    0x0800fcac   0x0800fcac   0x00000008   Data   RO          913    .constdata          yolo.o
    0x0800fcb4   0x0800fcb4   0x00000008   Data   RO          914    .constdata          yolo.o
    0x0800fcbc   0x0800fcbc   0x00000100   Data   RO          915    .constdata          yolo.o
    0x0800fdbc   0x0800fdbc   0x00000010   Data   RO          916    .constdata          yolo.o
    0x0800fdcc   0x0800fdcc   0x00000008   Data   RO          917    .constdata          yolo.o
    0x0800fdd4   0x0800fdd4   0x00000008   Data   RO          918    .constdata          yolo.o
    0x0800fddc   0x0800fddc   0x00000001   Data   RO          919    .constdata          yolo.o
    0x0800fddd   0x0800fddd   0x00000003   PAD
    0x0800fde0   0x0800fde0   0x00000010   Data   RO          920    .constdata          yolo.o
    0x0800fdf0   0x0800fdf0   0x00000008   Data   RO          921    .constdata          yolo.o
    0x0800fdf8   0x0800fdf8   0x00000100   Data   RO          922    .constdata          yolo.o
    0x0800fef8   0x0800fef8   0x00000010   Data   RO          923    .constdata          yolo.o
    0x0800ff08   0x0800ff08   0x00000008   Data   RO          924    .constdata          yolo.o
    0x0800ff10   0x0800ff10   0x00000008   Data   RO          925    .constdata          yolo.o
    0x0800ff18   0x0800ff18   0x00000008   Data   RO          926    .constdata          yolo.o
    0x0800ff20   0x0800ff20   0x00000100   Data   RO          927    .constdata          yolo.o
    0x08010020   0x08010020   0x00000010   Data   RO          928    .constdata          yolo.o
    0x08010030   0x08010030   0x00000008   Data   RO          929    .constdata          yolo.o
    0x08010038   0x08010038   0x00000008   Data   RO          930    .constdata          yolo.o
    0x08010040   0x08010040   0x00000001   Data   RO          931    .constdata          yolo.o
    0x08010041   0x08010041   0x00000003   PAD
    0x08010044   0x08010044   0x00000010   Data   RO          932    .constdata          yolo.o
    0x08010054   0x08010054   0x00000008   Data   RO          933    .constdata          yolo.o
    0x0801005c   0x0801005c   0x00000100   Data   RO          934    .constdata          yolo.o
    0x0801015c   0x0801015c   0x00000010   Data   RO          935    .constdata          yolo.o
    0x0801016c   0x0801016c   0x00000008   Data   RO          936    .constdata          yolo.o
    0x08010174   0x08010174   0x00000008   Data   RO          937    .constdata          yolo.o
    0x0801017c   0x0801017c   0x00000068   Data   RO         1928    .constdata          yolo_data.o
    0x080101e4   0x080101e4   0x0000001c   PAD
    0x08010200   0x08010200   0x00002c28   Data   RO         1978    .constdata          yolo_data_params.o
    0x08012e28   0x08012e28   0x000011d0   Data   RO         2080    .constdata          lcd_fonts.o
    0x08013ff8   0x08013ff8   0x00001415   Data   RO         2492    .constdata          dcmi_ov5640.o
    0x0801540d   0x0801540d   0x00000008   Data   RO         3649    .constdata          stm32h7xx_hal_dma.o
    0x08015415   0x08015415   0x00000001   PAD
    0x08015416   0x08015416   0x00000018   Data   RO         5683    .constdata          stm32h7xx_hal_uart.o
    0x0801542e   0x0801542e   0x00000010   Data   RO         6049    .constdata          stm32h7xx_hal_uart_ex.o
    0x0801543e   0x0801543e   0x00000010   Data   RO         6155    .constdata          system_stm32h7xx.o
    0x0801544e   0x0801544e   0x00000002   PAD
    0x08015450   0x08015450   0x00000068   Data   RO         6243    .constdata          NetworkRuntime1020_CM7_Keil.lib(ai_platform_interface.o)
    0x080154b8   0x080154b8   0x000000a8   Data   RO         6540    .constdata          NetworkRuntime1020_CM7_Keil.lib(layers_stm32_integer.o)
    0x08015560   0x08015560   0x0000001c   Data   RO         7154    .constdata          NetworkRuntime1020_CM7_Keil.lib(core_utils.o)
    0x0801557c   0x0801557c   0x00000030   Data   RO         7887    .constdata          m_wv.l(expf.o)
    0x080155ac   0x080155ac   0x00000020   Data   RO         8349    Region$$Table       anon$$obj.o


    Execution Region RW_IRAM1 (Exec base: 0x20000000, Load base: 0x080155cc, Size: 0x0000d018, Max: 0x00020000, ABSOLUTE, COMPRESSED[0x00001690])

    Exec Addr    Load Addr    Size         Type   Attr      Idx    E Section Name        Object

    0x20000000   COMPRESSED   0x00000010   Data   RW           17    .data               main.o
    0x20000010   COMPRESSED   0x00000020   Data   RW          373    .data               app_x-cube-ai.o
    0x20000030   COMPRESSED   0x00000010   Data   RW          940    .data               yolo.o
    0x20000040   COMPRESSED   0x00000010   Data   RW          941    .data               yolo.o
    0x20000050   COMPRESSED   0x00000010   Data   RW          942    .data               yolo.o
    0x20000060   COMPRESSED   0x00000010   Data   RW          943    .data               yolo.o
    0x20000070   COMPRESSED   0x00000010   Data   RW          944    .data               yolo.o
    0x20000080   COMPRESSED   0x00000010   Data   RW          945    .data               yolo.o
    0x20000090   COMPRESSED   0x00000010   Data   RW          946    .data               yolo.o
    0x200000a0   COMPRESSED   0x00000010   Data   RW          947    .data               yolo.o
    0x200000b0   COMPRESSED   0x00000010   Data   RW          948    .data               yolo.o
    0x200000c0   COMPRESSED   0x00000010   Data   RW          949    .data               yolo.o
    0x200000d0   COMPRESSED   0x00000010   Data   RW          950    .data               yolo.o
    0x200000e0   COMPRESSED   0x00000010   Data   RW          951    .data               yolo.o
    0x200000f0   COMPRESSED   0x00000010   Data   RW          952    .data               yolo.o
    0x20000100   COMPRESSED   0x00000010   Data   RW          953    .data               yolo.o
    0x20000110   COMPRESSED   0x00000010   Data   RW          954    .data               yolo.o
    0x20000120   COMPRESSED   0x00000010   Data   RW          955    .data               yolo.o
    0x20000130   COMPRESSED   0x00000010   Data   RW          956    .data               yolo.o
    0x20000140   COMPRESSED   0x00000010   Data   RW          957    .data               yolo.o
    0x20000150   COMPRESSED   0x00000010   Data   RW          958    .data               yolo.o
    0x20000160   COMPRESSED   0x00000010   Data   RW          959    .data               yolo.o
    0x20000170   COMPRESSED   0x00000010   Data   RW          960    .data               yolo.o
    0x20000180   COMPRESSED   0x00000010   Data   RW          961    .data               yolo.o
    0x20000190   COMPRESSED   0x00000010   Data   RW          962    .data               yolo.o
    0x200001a0   COMPRESSED   0x00000010   Data   RW          963    .data               yolo.o
    0x200001b0   COMPRESSED   0x00000010   Data   RW          964    .data               yolo.o
    0x200001c0   COMPRESSED   0x00000010   Data   RW          965    .data               yolo.o
    0x200001d0   COMPRESSED   0x00000010   Data   RW          966    .data               yolo.o
    0x200001e0   COMPRESSED   0x00000010   Data   RW          967    .data               yolo.o
    0x200001f0   COMPRESSED   0x00000010   Data   RW          968    .data               yolo.o
    0x20000200   COMPRESSED   0x00000010   Data   RW          969    .data               yolo.o
    0x20000210   COMPRESSED   0x00000010   Data   RW          970    .data               yolo.o
    0x20000220   COMPRESSED   0x00000010   Data   RW          971    .data               yolo.o
    0x20000230   COMPRESSED   0x00000010   Data   RW          972    .data               yolo.o
    0x20000240   COMPRESSED   0x00000010   Data   RW          973    .data               yolo.o
    0x20000250   COMPRESSED   0x00000010   Data   RW          974    .data               yolo.o
    0x20000260   COMPRESSED   0x00000010   Data   RW          975    .data               yolo.o
    0x20000270   COMPRESSED   0x00000010   Data   RW          976    .data               yolo.o
    0x20000280   COMPRESSED   0x00000010   Data   RW          977    .data               yolo.o
    0x20000290   COMPRESSED   0x00000010   Data   RW          978    .data               yolo.o
    0x200002a0   COMPRESSED   0x00000010   Data   RW          979    .data               yolo.o
    0x200002b0   COMPRESSED   0x00000010   Data   RW          980    .data               yolo.o
    0x200002c0   COMPRESSED   0x00000010   Data   RW          981    .data               yolo.o
    0x200002d0   COMPRESSED   0x00000010   Data   RW          982    .data               yolo.o
    0x200002e0   COMPRESSED   0x00000010   Data   RW          983    .data               yolo.o
    0x200002f0   COMPRESSED   0x00000010   Data   RW          984    .data               yolo.o
    0x20000300   COMPRESSED   0x00000010   Data   RW          985    .data               yolo.o
    0x20000310   COMPRESSED   0x00000010   Data   RW          986    .data               yolo.o
    0x20000320   COMPRESSED   0x00000010   Data   RW          987    .data               yolo.o
    0x20000330   COMPRESSED   0x00000010   Data   RW          988    .data               yolo.o
    0x20000340   COMPRESSED   0x00000010   Data   RW          989    .data               yolo.o
    0x20000350   COMPRESSED   0x00000010   Data   RW          990    .data               yolo.o
    0x20000360   COMPRESSED   0x00000010   Data   RW          991    .data               yolo.o
    0x20000370   COMPRESSED   0x00000010   Data   RW          992    .data               yolo.o
    0x20000380   COMPRESSED   0x00000010   Data   RW          993    .data               yolo.o
    0x20000390   COMPRESSED   0x00000010   Data   RW          994    .data               yolo.o
    0x200003a0   COMPRESSED   0x00000010   Data   RW          995    .data               yolo.o
    0x200003b0   COMPRESSED   0x00000010   Data   RW          996    .data               yolo.o
    0x200003c0   COMPRESSED   0x00000010   Data   RW          997    .data               yolo.o
    0x200003d0   COMPRESSED   0x00000010   Data   RW          998    .data               yolo.o
    0x200003e0   COMPRESSED   0x00000010   Data   RW          999    .data               yolo.o
    0x200003f0   COMPRESSED   0x00000010   Data   RW         1000    .data               yolo.o
    0x20000400   COMPRESSED   0x00000010   Data   RW         1001    .data               yolo.o
    0x20000410   COMPRESSED   0x00000010   Data   RW         1002    .data               yolo.o
    0x20000420   COMPRESSED   0x00000010   Data   RW         1003    .data               yolo.o
    0x20000430   COMPRESSED   0x00000010   Data   RW         1004    .data               yolo.o
    0x20000440   COMPRESSED   0x00000010   Data   RW         1005    .data               yolo.o
    0x20000450   COMPRESSED   0x00000010   Data   RW         1006    .data               yolo.o
    0x20000460   COMPRESSED   0x00000010   Data   RW         1007    .data               yolo.o
    0x20000470   COMPRESSED   0x00000010   Data   RW         1008    .data               yolo.o
    0x20000480   COMPRESSED   0x00000010   Data   RW         1009    .data               yolo.o
    0x20000490   COMPRESSED   0x00000010   Data   RW         1010    .data               yolo.o
    0x200004a0   COMPRESSED   0x00000010   Data   RW         1011    .data               yolo.o
    0x200004b0   COMPRESSED   0x00000010   Data   RW         1012    .data               yolo.o
    0x200004c0   COMPRESSED   0x00000010   Data   RW         1013    .data               yolo.o
    0x200004d0   COMPRESSED   0x00000010   Data   RW         1014    .data               yolo.o
    0x200004e0   COMPRESSED   0x00000010   Data   RW         1015    .data               yolo.o
    0x200004f0   COMPRESSED   0x00000010   Data   RW         1016    .data               yolo.o
    0x20000500   COMPRESSED   0x00000010   Data   RW         1017    .data               yolo.o
    0x20000510   COMPRESSED   0x00000010   Data   RW         1018    .data               yolo.o
    0x20000520   COMPRESSED   0x00000010   Data   RW         1019    .data               yolo.o
    0x20000530   COMPRESSED   0x00000010   Data   RW         1020    .data               yolo.o
    0x20000540   COMPRESSED   0x00000010   Data   RW         1021    .data               yolo.o
    0x20000550   COMPRESSED   0x00000010   Data   RW         1022    .data               yolo.o
    0x20000560   COMPRESSED   0x00000010   Data   RW         1023    .data               yolo.o
    0x20000570   COMPRESSED   0x00000010   Data   RW         1024    .data               yolo.o
    0x20000580   COMPRESSED   0x00000010   Data   RW         1025    .data               yolo.o
    0x20000590   COMPRESSED   0x00000010   Data   RW         1026    .data               yolo.o
    0x200005a0   COMPRESSED   0x00000010   Data   RW         1027    .data               yolo.o
    0x200005b0   COMPRESSED   0x00000010   Data   RW         1028    .data               yolo.o
    0x200005c0   COMPRESSED   0x00000010   Data   RW         1029    .data               yolo.o
    0x200005d0   COMPRESSED   0x00000010   Data   RW         1030    .data               yolo.o
    0x200005e0   COMPRESSED   0x00000010   Data   RW         1031    .data               yolo.o
    0x200005f0   COMPRESSED   0x00000010   Data   RW         1032    .data               yolo.o
    0x20000600   COMPRESSED   0x00000010   Data   RW         1033    .data               yolo.o
    0x20000610   COMPRESSED   0x00000010   Data   RW         1034    .data               yolo.o
    0x20000620   COMPRESSED   0x00000010   Data   RW         1035    .data               yolo.o
    0x20000630   COMPRESSED   0x00000010   Data   RW         1036    .data               yolo.o
    0x20000640   COMPRESSED   0x00000010   Data   RW         1037    .data               yolo.o
    0x20000650   COMPRESSED   0x00000010   Data   RW         1038    .data               yolo.o
    0x20000660   COMPRESSED   0x00000010   Data   RW         1039    .data               yolo.o
    0x20000670   COMPRESSED   0x00000010   Data   RW         1040    .data               yolo.o
    0x20000680   COMPRESSED   0x00000010   Data   RW         1041    .data               yolo.o
    0x20000690   COMPRESSED   0x00000010   Data   RW         1042    .data               yolo.o
    0x200006a0   COMPRESSED   0x00000010   Data   RW         1043    .data               yolo.o
    0x200006b0   COMPRESSED   0x00000010   Data   RW         1044    .data               yolo.o
    0x200006c0   COMPRESSED   0x00000010   Data   RW         1045    .data               yolo.o
    0x200006d0   COMPRESSED   0x00000010   Data   RW         1046    .data               yolo.o
    0x200006e0   COMPRESSED   0x00000010   Data   RW         1047    .data               yolo.o
    0x200006f0   COMPRESSED   0x00000010   Data   RW         1048    .data               yolo.o
    0x20000700   COMPRESSED   0x00000010   Data   RW         1049    .data               yolo.o
    0x20000710   COMPRESSED   0x00000010   Data   RW         1050    .data               yolo.o
    0x20000720   COMPRESSED   0x00000010   Data   RW         1051    .data               yolo.o
    0x20000730   COMPRESSED   0x00000010   Data   RW         1052    .data               yolo.o
    0x20000740   COMPRESSED   0x00000010   Data   RW         1053    .data               yolo.o
    0x20000750   COMPRESSED   0x00000010   Data   RW         1054    .data               yolo.o
    0x20000760   COMPRESSED   0x00000010   Data   RW         1055    .data               yolo.o
    0x20000770   COMPRESSED   0x00000010   Data   RW         1056    .data               yolo.o
    0x20000780   COMPRESSED   0x00000010   Data   RW         1057    .data               yolo.o
    0x20000790   COMPRESSED   0x00000010   Data   RW         1058    .data               yolo.o
    0x200007a0   COMPRESSED   0x00000010   Data   RW         1059    .data               yolo.o
    0x200007b0   COMPRESSED   0x00000010   Data   RW         1060    .data               yolo.o
    0x200007c0   COMPRESSED   0x00000010   Data   RW         1061    .data               yolo.o
    0x200007d0   COMPRESSED   0x00000010   Data   RW         1062    .data               yolo.o
    0x200007e0   COMPRESSED   0x00000010   Data   RW         1063    .data               yolo.o
    0x200007f0   COMPRESSED   0x00000010   Data   RW         1064    .data               yolo.o
    0x20000800   COMPRESSED   0x00000010   Data   RW         1065    .data               yolo.o
    0x20000810   COMPRESSED   0x00000010   Data   RW         1066    .data               yolo.o
    0x20000820   COMPRESSED   0x00000010   Data   RW         1067    .data               yolo.o
    0x20000830   COMPRESSED   0x00000010   Data   RW         1068    .data               yolo.o
    0x20000840   COMPRESSED   0x00000010   Data   RW         1069    .data               yolo.o
    0x20000850   COMPRESSED   0x00000010   Data   RW         1070    .data               yolo.o
    0x20000860   COMPRESSED   0x00000010   Data   RW         1071    .data               yolo.o
    0x20000870   COMPRESSED   0x00000010   Data   RW         1072    .data               yolo.o
    0x20000880   COMPRESSED   0x00000010   Data   RW         1073    .data               yolo.o
    0x20000890   COMPRESSED   0x00000010   Data   RW         1074    .data               yolo.o
    0x200008a0   COMPRESSED   0x00000010   Data   RW         1075    .data               yolo.o
    0x200008b0   COMPRESSED   0x00000010   Data   RW         1076    .data               yolo.o
    0x200008c0   COMPRESSED   0x00000010   Data   RW         1077    .data               yolo.o
    0x200008d0   COMPRESSED   0x00000010   Data   RW         1078    .data               yolo.o
    0x200008e0   COMPRESSED   0x00000010   Data   RW         1079    .data               yolo.o
    0x200008f0   COMPRESSED   0x00000010   Data   RW         1080    .data               yolo.o
    0x20000900   COMPRESSED   0x00000010   Data   RW         1081    .data               yolo.o
    0x20000910   COMPRESSED   0x00000010   Data   RW         1082    .data               yolo.o
    0x20000920   COMPRESSED   0x00000010   Data   RW         1083    .data               yolo.o
    0x20000930   COMPRESSED   0x00000010   Data   RW         1084    .data               yolo.o
    0x20000940   COMPRESSED   0x00000010   Data   RW         1085    .data               yolo.o
    0x20000950   COMPRESSED   0x00000010   Data   RW         1086    .data               yolo.o
    0x20000960   COMPRESSED   0x00000010   Data   RW         1087    .data               yolo.o
    0x20000970   COMPRESSED   0x00000010   Data   RW         1088    .data               yolo.o
    0x20000980   COMPRESSED   0x00000010   Data   RW         1089    .data               yolo.o
    0x20000990   COMPRESSED   0x00000010   Data   RW         1090    .data               yolo.o
    0x200009a0   COMPRESSED   0x00000010   Data   RW         1091    .data               yolo.o
    0x200009b0   COMPRESSED   0x00000010   Data   RW         1092    .data               yolo.o
    0x200009c0   COMPRESSED   0x00000010   Data   RW         1093    .data               yolo.o
    0x200009d0   COMPRESSED   0x00000010   Data   RW         1094    .data               yolo.o
    0x200009e0   COMPRESSED   0x00000010   Data   RW         1095    .data               yolo.o
    0x200009f0   COMPRESSED   0x00000010   Data   RW         1096    .data               yolo.o
    0x20000a00   COMPRESSED   0x00000010   Data   RW         1097    .data               yolo.o
    0x20000a10   COMPRESSED   0x00000010   Data   RW         1098    .data               yolo.o
    0x20000a20   COMPRESSED   0x00000010   Data   RW         1099    .data               yolo.o
    0x20000a30   COMPRESSED   0x00000010   Data   RW         1100    .data               yolo.o
    0x20000a40   COMPRESSED   0x00000010   Data   RW         1101    .data               yolo.o
    0x20000a50   COMPRESSED   0x00000010   Data   RW         1102    .data               yolo.o
    0x20000a60   COMPRESSED   0x00000010   Data   RW         1103    .data               yolo.o
    0x20000a70   COMPRESSED   0x00000010   Data   RW         1104    .data               yolo.o
    0x20000a80   COMPRESSED   0x00000010   Data   RW         1105    .data               yolo.o
    0x20000a90   COMPRESSED   0x00000010   Data   RW         1106    .data               yolo.o
    0x20000aa0   COMPRESSED   0x00000010   Data   RW         1107    .data               yolo.o
    0x20000ab0   COMPRESSED   0x00000010   Data   RW         1108    .data               yolo.o
    0x20000ac0   COMPRESSED   0x00000010   Data   RW         1109    .data               yolo.o
    0x20000ad0   COMPRESSED   0x00000010   Data   RW         1110    .data               yolo.o
    0x20000ae0   COMPRESSED   0x00000010   Data   RW         1111    .data               yolo.o
    0x20000af0   COMPRESSED   0x00000010   Data   RW         1112    .data               yolo.o
    0x20000b00   COMPRESSED   0x00000010   Data   RW         1113    .data               yolo.o
    0x20000b10   COMPRESSED   0x00000010   Data   RW         1114    .data               yolo.o
    0x20000b20   COMPRESSED   0x00000010   Data   RW         1115    .data               yolo.o
    0x20000b30   COMPRESSED   0x00000010   Data   RW         1116    .data               yolo.o
    0x20000b40   COMPRESSED   0x00000010   Data   RW         1117    .data               yolo.o
    0x20000b50   COMPRESSED   0x00000010   Data   RW         1118    .data               yolo.o
    0x20000b60   COMPRESSED   0x00000010   Data   RW         1119    .data               yolo.o
    0x20000b70   COMPRESSED   0x00000010   Data   RW         1120    .data               yolo.o
    0x20000b80   COMPRESSED   0x00000010   Data   RW         1121    .data               yolo.o
    0x20000b90   COMPRESSED   0x00000010   Data   RW         1122    .data               yolo.o
    0x20000ba0   COMPRESSED   0x00000010   Data   RW         1123    .data               yolo.o
    0x20000bb0   COMPRESSED   0x00000010   Data   RW         1124    .data               yolo.o
    0x20000bc0   COMPRESSED   0x00000010   Data   RW         1125    .data               yolo.o
    0x20000bd0   COMPRESSED   0x00000010   Data   RW         1126    .data               yolo.o
    0x20000be0   COMPRESSED   0x00000010   Data   RW         1127    .data               yolo.o
    0x20000bf0   COMPRESSED   0x00000010   Data   RW         1128    .data               yolo.o
    0x20000c00   COMPRESSED   0x00000010   Data   RW         1129    .data               yolo.o
    0x20000c10   COMPRESSED   0x00000010   Data   RW         1130    .data               yolo.o
    0x20000c20   COMPRESSED   0x00000010   Data   RW         1131    .data               yolo.o
    0x20000c30   COMPRESSED   0x00000010   Data   RW         1132    .data               yolo.o
    0x20000c40   COMPRESSED   0x00000010   Data   RW         1133    .data               yolo.o
    0x20000c50   COMPRESSED   0x00000010   Data   RW         1134    .data               yolo.o
    0x20000c60   COMPRESSED   0x00000010   Data   RW         1135    .data               yolo.o
    0x20000c70   COMPRESSED   0x00000010   Data   RW         1136    .data               yolo.o
    0x20000c80   COMPRESSED   0x00000010   Data   RW         1137    .data               yolo.o
    0x20000c90   COMPRESSED   0x00000010   Data   RW         1138    .data               yolo.o
    0x20000ca0   COMPRESSED   0x00000010   Data   RW         1139    .data               yolo.o
    0x20000cb0   COMPRESSED   0x00000010   Data   RW         1140    .data               yolo.o
    0x20000cc0   COMPRESSED   0x00000010   Data   RW         1141    .data               yolo.o
    0x20000cd0   COMPRESSED   0x00000010   Data   RW         1142    .data               yolo.o
    0x20000ce0   COMPRESSED   0x00000010   Data   RW         1143    .data               yolo.o
    0x20000cf0   COMPRESSED   0x00000010   Data   RW         1144    .data               yolo.o
    0x20000d00   COMPRESSED   0x00000010   Data   RW         1145    .data               yolo.o
    0x20000d10   COMPRESSED   0x00000010   Data   RW         1146    .data               yolo.o
    0x20000d20   COMPRESSED   0x00000010   Data   RW         1147    .data               yolo.o
    0x20000d30   COMPRESSED   0x00000010   Data   RW         1148    .data               yolo.o
    0x20000d40   COMPRESSED   0x00000010   Data   RW         1149    .data               yolo.o
    0x20000d50   COMPRESSED   0x00000010   Data   RW         1150    .data               yolo.o
    0x20000d60   COMPRESSED   0x00000010   Data   RW         1151    .data               yolo.o
    0x20000d70   COMPRESSED   0x00000010   Data   RW         1152    .data               yolo.o
    0x20000d80   COMPRESSED   0x00000010   Data   RW         1153    .data               yolo.o
    0x20000d90   COMPRESSED   0x00000010   Data   RW         1154    .data               yolo.o
    0x20000da0   COMPRESSED   0x00000010   Data   RW         1155    .data               yolo.o
    0x20000db0   COMPRESSED   0x00000010   Data   RW         1156    .data               yolo.o
    0x20000dc0   COMPRESSED   0x00000010   Data   RW         1157    .data               yolo.o
    0x20000dd0   COMPRESSED   0x00000010   Data   RW         1158    .data               yolo.o
    0x20000de0   COMPRESSED   0x00000010   Data   RW         1159    .data               yolo.o
    0x20000df0   COMPRESSED   0x00000010   Data   RW         1160    .data               yolo.o
    0x20000e00   COMPRESSED   0x00000010   Data   RW         1161    .data               yolo.o
    0x20000e10   COMPRESSED   0x00000010   Data   RW         1162    .data               yolo.o
    0x20000e20   COMPRESSED   0x00000010   Data   RW         1163    .data               yolo.o
    0x20000e30   COMPRESSED   0x00000010   Data   RW         1164    .data               yolo.o
    0x20000e40   COMPRESSED   0x00000010   Data   RW         1165    .data               yolo.o
    0x20000e50   COMPRESSED   0x00000010   Data   RW         1166    .data               yolo.o
    0x20000e60   COMPRESSED   0x00000010   Data   RW         1167    .data               yolo.o
    0x20000e70   COMPRESSED   0x00000010   Data   RW         1168    .data               yolo.o
    0x20000e80   COMPRESSED   0x00000010   Data   RW         1169    .data               yolo.o
    0x20000e90   COMPRESSED   0x00000010   Data   RW         1170    .data               yolo.o
    0x20000ea0   COMPRESSED   0x00000010   Data   RW         1171    .data               yolo.o
    0x20000eb0   COMPRESSED   0x00000010   Data   RW         1172    .data               yolo.o
    0x20000ec0   COMPRESSED   0x00000010   Data   RW         1173    .data               yolo.o
    0x20000ed0   COMPRESSED   0x00000010   Data   RW         1174    .data               yolo.o
    0x20000ee0   COMPRESSED   0x00000010   Data   RW         1175    .data               yolo.o
    0x20000ef0   COMPRESSED   0x00000010   Data   RW         1176    .data               yolo.o
    0x20000f00   COMPRESSED   0x00000010   Data   RW         1177    .data               yolo.o
    0x20000f10   COMPRESSED   0x00000010   Data   RW         1178    .data               yolo.o
    0x20000f20   COMPRESSED   0x00000010   Data   RW         1179    .data               yolo.o
    0x20000f30   COMPRESSED   0x00000010   Data   RW         1180    .data               yolo.o
    0x20000f40   COMPRESSED   0x00000010   Data   RW         1181    .data               yolo.o
    0x20000f50   COMPRESSED   0x00000010   Data   RW         1182    .data               yolo.o
    0x20000f60   COMPRESSED   0x00000010   Data   RW         1183    .data               yolo.o
    0x20000f70   COMPRESSED   0x00000010   Data   RW         1184    .data               yolo.o
    0x20000f80   COMPRESSED   0x00000010   Data   RW         1185    .data               yolo.o
    0x20000f90   COMPRESSED   0x00000010   Data   RW         1186    .data               yolo.o
    0x20000fa0   COMPRESSED   0x00000010   Data   RW         1187    .data               yolo.o
    0x20000fb0   COMPRESSED   0x00000010   Data   RW         1188    .data               yolo.o
    0x20000fc0   COMPRESSED   0x00000010   Data   RW         1189    .data               yolo.o
    0x20000fd0   COMPRESSED   0x00000010   Data   RW         1190    .data               yolo.o
    0x20000fe0   COMPRESSED   0x00000010   Data   RW         1191    .data               yolo.o
    0x20000ff0   COMPRESSED   0x00000010   Data   RW         1192    .data               yolo.o
    0x20001000   COMPRESSED   0x00000010   Data   RW         1193    .data               yolo.o
    0x20001010   COMPRESSED   0x00000010   Data   RW         1194    .data               yolo.o
    0x20001020   COMPRESSED   0x00000010   Data   RW         1195    .data               yolo.o
    0x20001030   COMPRESSED   0x00000010   Data   RW         1196    .data               yolo.o
    0x20001040   COMPRESSED   0x00000010   Data   RW         1197    .data               yolo.o
    0x20001050   COMPRESSED   0x00000010   Data   RW         1198    .data               yolo.o
    0x20001060   COMPRESSED   0x00000010   Data   RW         1199    .data               yolo.o
    0x20001070   COMPRESSED   0x00000004   Data   RW         1200    .data               yolo.o
    0x20001074   COMPRESSED   0x00000004   Data   RW         1201    .data               yolo.o
    0x20001078   COMPRESSED   0x0000000c   Data   RW         1202    .data               yolo.o
    0x20001084   COMPRESSED   0x00000004   Data   RW         1203    .data               yolo.o
    0x20001088   COMPRESSED   0x00000030   Data   RW         1204    .data               yolo.o
    0x200010b8   COMPRESSED   0x00000004   Data   RW         1205    .data               yolo.o
    0x200010bc   COMPRESSED   0x00000004   Data   RW         1206    .data               yolo.o
    0x200010c0   COMPRESSED   0x00000004   Data   RW         1207    .data               yolo.o
    0x200010c4   COMPRESSED   0x00000004   Data   RW         1208    .data               yolo.o
    0x200010c8   COMPRESSED   0x00000030   Data   RW         1209    .data               yolo.o
    0x200010f8   COMPRESSED   0x00000004   Data   RW         1210    .data               yolo.o
    0x200010fc   COMPRESSED   0x00000004   Data   RW         1211    .data               yolo.o
    0x20001100   COMPRESSED   0x0000000c   Data   RW         1212    .data               yolo.o
    0x2000110c   COMPRESSED   0x00000004   Data   RW         1213    .data               yolo.o
    0x20001110   COMPRESSED   0x00000030   Data   RW         1214    .data               yolo.o
    0x20001140   COMPRESSED   0x00000004   Data   RW         1215    .data               yolo.o
    0x20001144   COMPRESSED   0x00000004   Data   RW         1216    .data               yolo.o
    0x20001148   COMPRESSED   0x00000004   Data   RW         1217    .data               yolo.o
    0x2000114c   COMPRESSED   0x00000004   Data   RW         1218    .data               yolo.o
    0x20001150   COMPRESSED   0x00000030   Data   RW         1219    .data               yolo.o
    0x20001180   COMPRESSED   0x00000004   Data   RW         1220    .data               yolo.o
    0x20001184   COMPRESSED   0x00000004   Data   RW         1221    .data               yolo.o
    0x20001188   COMPRESSED   0x0000000c   Data   RW         1222    .data               yolo.o
    0x20001194   COMPRESSED   0x00000004   Data   RW         1223    .data               yolo.o
    0x20001198   COMPRESSED   0x00000030   Data   RW         1224    .data               yolo.o
    0x200011c8   COMPRESSED   0x00000004   Data   RW         1225    .data               yolo.o
    0x200011cc   COMPRESSED   0x00000004   Data   RW         1226    .data               yolo.o
    0x200011d0   COMPRESSED   0x00000004   Data   RW         1227    .data               yolo.o
    0x200011d4   COMPRESSED   0x00000004   Data   RW         1228    .data               yolo.o
    0x200011d8   COMPRESSED   0x00000030   Data   RW         1229    .data               yolo.o
    0x20001208   COMPRESSED   0x00000010   Data   RW         1230    .data               yolo.o
    0x20001218   COMPRESSED   0x00000004   Data   RW         1231    .data               yolo.o
    0x2000121c   COMPRESSED   0x00000004   Data   RW         1232    .data               yolo.o
    0x20001220   COMPRESSED   0x00000004   Data   RW         1233    .data               yolo.o
    0x20001224   COMPRESSED   0x00000004   Data   RW         1234    .data               yolo.o
    0x20001228   COMPRESSED   0x00000030   Data   RW         1235    .data               yolo.o
    0x20001258   COMPRESSED   0x00000004   Data   RW         1236    .data               yolo.o
    0x2000125c   COMPRESSED   0x00000004   Data   RW         1237    .data               yolo.o
    0x20001260   COMPRESSED   0x0000000c   Data   RW         1238    .data               yolo.o
    0x2000126c   COMPRESSED   0x00000004   Data   RW         1239    .data               yolo.o
    0x20001270   COMPRESSED   0x00000030   Data   RW         1240    .data               yolo.o
    0x200012a0   COMPRESSED   0x00000008   Data   RW         1241    .data               yolo.o
    0x200012a8   COMPRESSED   0x00000004   Data   RW         1242    .data               yolo.o
    0x200012ac   COMPRESSED   0x00000004   Data   RW         1243    .data               yolo.o
    0x200012b0   COMPRESSED   0x00000004   Data   RW         1244    .data               yolo.o
    0x200012b4   COMPRESSED   0x00000030   Data   RW         1245    .data               yolo.o
    0x200012e4   COMPRESSED   0x00000004   Data   RW         1246    .data               yolo.o
    0x200012e8   COMPRESSED   0x00000004   Data   RW         1247    .data               yolo.o
    0x200012ec   COMPRESSED   0x00000004   Data   RW         1248    .data               yolo.o
    0x200012f0   COMPRESSED   0x00000004   Data   RW         1249    .data               yolo.o
    0x200012f4   COMPRESSED   0x00000030   Data   RW         1250    .data               yolo.o
    0x20001324   COMPRESSED   0x00000010   Data   RW         1251    .data               yolo.o
    0x20001334   COMPRESSED   0x00000004   Data   RW         1252    .data               yolo.o
    0x20001338   COMPRESSED   0x00000004   Data   RW         1253    .data               yolo.o
    0x2000133c   COMPRESSED   0x00000004   Data   RW         1254    .data               yolo.o
    0x20001340   COMPRESSED   0x00000004   Data   RW         1255    .data               yolo.o
    0x20001344   COMPRESSED   0x00000030   Data   RW         1256    .data               yolo.o
    0x20001374   COMPRESSED   0x00000004   Data   RW         1257    .data               yolo.o
    0x20001378   COMPRESSED   0x00000004   Data   RW         1258    .data               yolo.o
    0x2000137c   COMPRESSED   0x00000004   Data   RW         1259    .data               yolo.o
    0x20001380   COMPRESSED   0x00000004   Data   RW         1260    .data               yolo.o
    0x20001384   COMPRESSED   0x00000030   Data   RW         1261    .data               yolo.o
    0x200013b4   COMPRESSED   0x00000004   Data   RW         1262    .data               yolo.o
    0x200013b8   COMPRESSED   0x00000004   Data   RW         1263    .data               yolo.o
    0x200013bc   COMPRESSED   0x0000000c   Data   RW         1264    .data               yolo.o
    0x200013c8   COMPRESSED   0x00000004   Data   RW         1265    .data               yolo.o
    0x200013cc   COMPRESSED   0x00000030   Data   RW         1266    .data               yolo.o
    0x200013fc   COMPRESSED   0x00000008   Data   RW         1267    .data               yolo.o
    0x20001404   COMPRESSED   0x00000004   Data   RW         1268    .data               yolo.o
    0x20001408   COMPRESSED   0x00000004   Data   RW         1269    .data               yolo.o
    0x2000140c   COMPRESSED   0x00000004   Data   RW         1270    .data               yolo.o
    0x20001410   COMPRESSED   0x00000030   Data   RW         1271    .data               yolo.o
    0x20001440   COMPRESSED   0x00000004   Data   RW         1272    .data               yolo.o
    0x20001444   COMPRESSED   0x00000004   Data   RW         1273    .data               yolo.o
    0x20001448   COMPRESSED   0x0000000c   Data   RW         1274    .data               yolo.o
    0x20001454   COMPRESSED   0x00000004   Data   RW         1275    .data               yolo.o
    0x20001458   COMPRESSED   0x00000030   Data   RW         1276    .data               yolo.o
    0x20001488   COMPRESSED   0x00000004   Data   RW         1277    .data               yolo.o
    0x2000148c   COMPRESSED   0x00000004   Data   RW         1278    .data               yolo.o
    0x20001490   COMPRESSED   0x00000004   Data   RW         1279    .data               yolo.o
    0x20001494   COMPRESSED   0x00000004   Data   RW         1280    .data               yolo.o
    0x20001498   COMPRESSED   0x00000030   Data   RW         1281    .data               yolo.o
    0x200014c8   COMPRESSED   0x00000004   Data   RW         1282    .data               yolo.o
    0x200014cc   COMPRESSED   0x00000004   Data   RW         1283    .data               yolo.o
    0x200014d0   COMPRESSED   0x0000000c   Data   RW         1284    .data               yolo.o
    0x200014dc   COMPRESSED   0x00000004   Data   RW         1285    .data               yolo.o
    0x200014e0   COMPRESSED   0x00000030   Data   RW         1286    .data               yolo.o
    0x20001510   COMPRESSED   0x00000004   Data   RW         1287    .data               yolo.o
    0x20001514   COMPRESSED   0x00000004   Data   RW         1288    .data               yolo.o
    0x20001518   COMPRESSED   0x00000004   Data   RW         1289    .data               yolo.o
    0x2000151c   COMPRESSED   0x00000004   Data   RW         1290    .data               yolo.o
    0x20001520   COMPRESSED   0x00000030   Data   RW         1291    .data               yolo.o
    0x20001550   COMPRESSED   0x00000010   Data   RW         1292    .data               yolo.o
    0x20001560   COMPRESSED   0x00000004   Data   RW         1293    .data               yolo.o
    0x20001564   COMPRESSED   0x00000004   Data   RW         1294    .data               yolo.o
    0x20001568   COMPRESSED   0x00000004   Data   RW         1295    .data               yolo.o
    0x2000156c   COMPRESSED   0x00000004   Data   RW         1296    .data               yolo.o
    0x20001570   COMPRESSED   0x00000030   Data   RW         1297    .data               yolo.o
    0x200015a0   COMPRESSED   0x00000004   Data   RW         1298    .data               yolo.o
    0x200015a4   COMPRESSED   0x00000004   Data   RW         1299    .data               yolo.o
    0x200015a8   COMPRESSED   0x0000000c   Data   RW         1300    .data               yolo.o
    0x200015b4   COMPRESSED   0x00000004   Data   RW         1301    .data               yolo.o
    0x200015b8   COMPRESSED   0x00000030   Data   RW         1302    .data               yolo.o
    0x200015e8   COMPRESSED   0x00000008   Data   RW         1303    .data               yolo.o
    0x200015f0   COMPRESSED   0x00000004   Data   RW         1304    .data               yolo.o
    0x200015f4   COMPRESSED   0x00000004   Data   RW         1305    .data               yolo.o
    0x200015f8   COMPRESSED   0x00000004   Data   RW         1306    .data               yolo.o
    0x200015fc   COMPRESSED   0x00000030   Data   RW         1307    .data               yolo.o
    0x2000162c   COMPRESSED   0x00000004   Data   RW         1308    .data               yolo.o
    0x20001630   COMPRESSED   0x00000004   Data   RW         1309    .data               yolo.o
    0x20001634   COMPRESSED   0x0000000c   Data   RW         1310    .data               yolo.o
    0x20001640   COMPRESSED   0x00000004   Data   RW         1311    .data               yolo.o
    0x20001644   COMPRESSED   0x00000030   Data   RW         1312    .data               yolo.o
    0x20001674   COMPRESSED   0x00000004   Data   RW         1313    .data               yolo.o
    0x20001678   COMPRESSED   0x00000004   Data   RW         1314    .data               yolo.o
    0x2000167c   COMPRESSED   0x00000004   Data   RW         1315    .data               yolo.o
    0x20001680   COMPRESSED   0x00000004   Data   RW         1316    .data               yolo.o
    0x20001684   COMPRESSED   0x00000030   Data   RW         1317    .data               yolo.o
    0x200016b4   COMPRESSED   0x00000004   Data   RW         1318    .data               yolo.o
    0x200016b8   COMPRESSED   0x00000004   Data   RW         1319    .data               yolo.o
    0x200016bc   COMPRESSED   0x0000000c   Data   RW         1320    .data               yolo.o
    0x200016c8   COMPRESSED   0x00000004   Data   RW         1321    .data               yolo.o
    0x200016cc   COMPRESSED   0x00000030   Data   RW         1322    .data               yolo.o
    0x200016fc   COMPRESSED   0x00000004   Data   RW         1323    .data               yolo.o
    0x20001700   COMPRESSED   0x00000004   Data   RW         1324    .data               yolo.o
    0x20001704   COMPRESSED   0x00000004   Data   RW         1325    .data               yolo.o
    0x20001708   COMPRESSED   0x00000004   Data   RW         1326    .data               yolo.o
    0x2000170c   COMPRESSED   0x00000030   Data   RW         1327    .data               yolo.o
    0x2000173c   COMPRESSED   0x00000010   Data   RW         1328    .data               yolo.o
    0x2000174c   COMPRESSED   0x00000004   Data   RW         1329    .data               yolo.o
    0x20001750   COMPRESSED   0x00000004   Data   RW         1330    .data               yolo.o
    0x20001754   COMPRESSED   0x00000004   Data   RW         1331    .data               yolo.o
    0x20001758   COMPRESSED   0x00000004   Data   RW         1332    .data               yolo.o
    0x2000175c   COMPRESSED   0x00000030   Data   RW         1333    .data               yolo.o
    0x2000178c   COMPRESSED   0x00000004   Data   RW         1334    .data               yolo.o
    0x20001790   COMPRESSED   0x00000004   Data   RW         1335    .data               yolo.o
    0x20001794   COMPRESSED   0x0000000c   Data   RW         1336    .data               yolo.o
    0x200017a0   COMPRESSED   0x00000004   Data   RW         1337    .data               yolo.o
    0x200017a4   COMPRESSED   0x00000030   Data   RW         1338    .data               yolo.o
    0x200017d4   COMPRESSED   0x00000004   Data   RW         1339    .data               yolo.o
    0x200017d8   COMPRESSED   0x00000004   Data   RW         1340    .data               yolo.o
    0x200017dc   COMPRESSED   0x0000000c   Data   RW         1341    .data               yolo.o
    0x200017e8   COMPRESSED   0x00000004   Data   RW         1342    .data               yolo.o
    0x200017ec   COMPRESSED   0x00000030   Data   RW         1343    .data               yolo.o
    0x2000181c   COMPRESSED   0x00000004   Data   RW         1344    .data               yolo.o
    0x20001820   COMPRESSED   0x00000004   Data   RW         1345    .data               yolo.o
    0x20001824   COMPRESSED   0x00000004   Data   RW         1346    .data               yolo.o
    0x20001828   COMPRESSED   0x00000004   Data   RW         1347    .data               yolo.o
    0x2000182c   COMPRESSED   0x00000030   Data   RW         1348    .data               yolo.o
    0x2000185c   COMPRESSED   0x00000004   Data   RW         1349    .data               yolo.o
    0x20001860   COMPRESSED   0x00000004   Data   RW         1350    .data               yolo.o
    0x20001864   COMPRESSED   0x0000000c   Data   RW         1351    .data               yolo.o
    0x20001870   COMPRESSED   0x00000004   Data   RW         1352    .data               yolo.o
    0x20001874   COMPRESSED   0x00000030   Data   RW         1353    .data               yolo.o
    0x200018a4   COMPRESSED   0x00000004   Data   RW         1354    .data               yolo.o
    0x200018a8   COMPRESSED   0x00000004   Data   RW         1355    .data               yolo.o
    0x200018ac   COMPRESSED   0x00000004   Data   RW         1356    .data               yolo.o
    0x200018b0   COMPRESSED   0x00000004   Data   RW         1357    .data               yolo.o
    0x200018b4   COMPRESSED   0x00000030   Data   RW         1358    .data               yolo.o
    0x200018e4   COMPRESSED   0x00000010   Data   RW         1359    .data               yolo.o
    0x200018f4   COMPRESSED   0x00000004   Data   RW         1360    .data               yolo.o
    0x200018f8   COMPRESSED   0x00000004   Data   RW         1361    .data               yolo.o
    0x200018fc   COMPRESSED   0x00000004   Data   RW         1362    .data               yolo.o
    0x20001900   COMPRESSED   0x00000004   Data   RW         1363    .data               yolo.o
    0x20001904   COMPRESSED   0x00000030   Data   RW         1364    .data               yolo.o
    0x20001934   COMPRESSED   0x00000004   Data   RW         1365    .data               yolo.o
    0x20001938   COMPRESSED   0x00000004   Data   RW         1366    .data               yolo.o
    0x2000193c   COMPRESSED   0x0000000c   Data   RW         1367    .data               yolo.o
    0x20001948   COMPRESSED   0x00000004   Data   RW         1368    .data               yolo.o
    0x2000194c   COMPRESSED   0x00000030   Data   RW         1369    .data               yolo.o
    0x2000197c   COMPRESSED   0x00000008   Data   RW         1370    .data               yolo.o
    0x20001984   COMPRESSED   0x00000004   Data   RW         1371    .data               yolo.o
    0x20001988   COMPRESSED   0x00000004   Data   RW         1372    .data               yolo.o
    0x2000198c   COMPRESSED   0x00000004   Data   RW         1373    .data               yolo.o
    0x20001990   COMPRESSED   0x00000030   Data   RW         1374    .data               yolo.o
    0x200019c0   COMPRESSED   0x00000004   Data   RW         1375    .data               yolo.o
    0x200019c4   COMPRESSED   0x00000004   Data   RW         1376    .data               yolo.o
    0x200019c8   COMPRESSED   0x00000004   Data   RW         1377    .data               yolo.o
    0x200019cc   COMPRESSED   0x00000004   Data   RW         1378    .data               yolo.o
    0x200019d0   COMPRESSED   0x00000030   Data   RW         1379    .data               yolo.o
    0x20001a00   COMPRESSED   0x00000010   Data   RW         1380    .data               yolo.o
    0x20001a10   COMPRESSED   0x00000004   Data   RW         1381    .data               yolo.o
    0x20001a14   COMPRESSED   0x00000004   Data   RW         1382    .data               yolo.o
    0x20001a18   COMPRESSED   0x00000004   Data   RW         1383    .data               yolo.o
    0x20001a1c   COMPRESSED   0x00000004   Data   RW         1384    .data               yolo.o
    0x20001a20   COMPRESSED   0x00000030   Data   RW         1385    .data               yolo.o
    0x20001a50   COMPRESSED   0x00000004   Data   RW         1386    .data               yolo.o
    0x20001a54   COMPRESSED   0x00000004   Data   RW         1387    .data               yolo.o
    0x20001a58   COMPRESSED   0x00000004   Data   RW         1388    .data               yolo.o
    0x20001a5c   COMPRESSED   0x00000004   Data   RW         1389    .data               yolo.o
    0x20001a60   COMPRESSED   0x00000030   Data   RW         1390    .data               yolo.o
    0x20001a90   COMPRESSED   0x00000004   Data   RW         1391    .data               yolo.o
    0x20001a94   COMPRESSED   0x00000004   Data   RW         1392    .data               yolo.o
    0x20001a98   COMPRESSED   0x0000000c   Data   RW         1393    .data               yolo.o
    0x20001aa4   COMPRESSED   0x00000004   Data   RW         1394    .data               yolo.o
    0x20001aa8   COMPRESSED   0x00000030   Data   RW         1395    .data               yolo.o
    0x20001ad8   COMPRESSED   0x00000008   Data   RW         1396    .data               yolo.o
    0x20001ae0   COMPRESSED   0x00000004   Data   RW         1397    .data               yolo.o
    0x20001ae4   COMPRESSED   0x00000004   Data   RW         1398    .data               yolo.o
    0x20001ae8   COMPRESSED   0x00000004   Data   RW         1399    .data               yolo.o
    0x20001aec   COMPRESSED   0x00000030   Data   RW         1400    .data               yolo.o
    0x20001b1c   COMPRESSED   0x00000004   Data   RW         1401    .data               yolo.o
    0x20001b20   COMPRESSED   0x00000004   Data   RW         1402    .data               yolo.o
    0x20001b24   COMPRESSED   0x0000000c   Data   RW         1403    .data               yolo.o
    0x20001b30   COMPRESSED   0x00000004   Data   RW         1404    .data               yolo.o
    0x20001b34   COMPRESSED   0x00000030   Data   RW         1405    .data               yolo.o
    0x20001b64   COMPRESSED   0x00000004   Data   RW         1406    .data               yolo.o
    0x20001b68   COMPRESSED   0x00000004   Data   RW         1407    .data               yolo.o
    0x20001b6c   COMPRESSED   0x00000004   Data   RW         1408    .data               yolo.o
    0x20001b70   COMPRESSED   0x00000004   Data   RW         1409    .data               yolo.o
    0x20001b74   COMPRESSED   0x00000030   Data   RW         1410    .data               yolo.o
    0x20001ba4   COMPRESSED   0x00000004   Data   RW         1411    .data               yolo.o
    0x20001ba8   COMPRESSED   0x00000004   Data   RW         1412    .data               yolo.o
    0x20001bac   COMPRESSED   0x0000000c   Data   RW         1413    .data               yolo.o
    0x20001bb8   COMPRESSED   0x00000004   Data   RW         1414    .data               yolo.o
    0x20001bbc   COMPRESSED   0x00000030   Data   RW         1415    .data               yolo.o
    0x20001bec   COMPRESSED   0x00000004   Data   RW         1416    .data               yolo.o
    0x20001bf0   COMPRESSED   0x00000004   Data   RW         1417    .data               yolo.o
    0x20001bf4   COMPRESSED   0x00000004   Data   RW         1418    .data               yolo.o
    0x20001bf8   COMPRESSED   0x00000004   Data   RW         1419    .data               yolo.o
    0x20001bfc   COMPRESSED   0x00000030   Data   RW         1420    .data               yolo.o
    0x20001c2c   COMPRESSED   0x00000010   Data   RW         1421    .data               yolo.o
    0x20001c3c   COMPRESSED   0x00000004   Data   RW         1422    .data               yolo.o
    0x20001c40   COMPRESSED   0x00000004   Data   RW         1423    .data               yolo.o
    0x20001c44   COMPRESSED   0x00000004   Data   RW         1424    .data               yolo.o
    0x20001c48   COMPRESSED   0x00000004   Data   RW         1425    .data               yolo.o
    0x20001c4c   COMPRESSED   0x00000030   Data   RW         1426    .data               yolo.o
    0x20001c7c   COMPRESSED   0x00000004   Data   RW         1427    .data               yolo.o
    0x20001c80   COMPRESSED   0x00000004   Data   RW         1428    .data               yolo.o
    0x20001c84   COMPRESSED   0x0000000c   Data   RW         1429    .data               yolo.o
    0x20001c90   COMPRESSED   0x00000004   Data   RW         1430    .data               yolo.o
    0x20001c94   COMPRESSED   0x00000030   Data   RW         1431    .data               yolo.o
    0x20001cc4   COMPRESSED   0x00000004   Data   RW         1432    .data               yolo.o
    0x20001cc8   COMPRESSED   0x00000004   Data   RW         1433    .data               yolo.o
    0x20001ccc   COMPRESSED   0x0000000c   Data   RW         1434    .data               yolo.o
    0x20001cd8   COMPRESSED   0x00000004   Data   RW         1435    .data               yolo.o
    0x20001cdc   COMPRESSED   0x00000030   Data   RW         1436    .data               yolo.o
    0x20001d0c   COMPRESSED   0x00000004   Data   RW         1437    .data               yolo.o
    0x20001d10   COMPRESSED   0x00000004   Data   RW         1438    .data               yolo.o
    0x20001d14   COMPRESSED   0x00000004   Data   RW         1439    .data               yolo.o
    0x20001d18   COMPRESSED   0x00000004   Data   RW         1440    .data               yolo.o
    0x20001d1c   COMPRESSED   0x00000030   Data   RW         1441    .data               yolo.o
    0x20001d4c   COMPRESSED   0x00000004   Data   RW         1442    .data               yolo.o
    0x20001d50   COMPRESSED   0x00000004   Data   RW         1443    .data               yolo.o
    0x20001d54   COMPRESSED   0x0000000c   Data   RW         1444    .data               yolo.o
    0x20001d60   COMPRESSED   0x00000004   Data   RW         1445    .data               yolo.o
    0x20001d64   COMPRESSED   0x00000030   Data   RW         1446    .data               yolo.o
    0x20001d94   COMPRESSED   0x00000004   Data   RW         1447    .data               yolo.o
    0x20001d98   COMPRESSED   0x00000004   Data   RW         1448    .data               yolo.o
    0x20001d9c   COMPRESSED   0x00000004   Data   RW         1449    .data               yolo.o
    0x20001da0   COMPRESSED   0x00000004   Data   RW         1450    .data               yolo.o
    0x20001da4   COMPRESSED   0x00000030   Data   RW         1451    .data               yolo.o
    0x20001dd4   COMPRESSED   0x00000010   Data   RW         1452    .data               yolo.o
    0x20001de4   COMPRESSED   0x00000004   Data   RW         1453    .data               yolo.o
    0x20001de8   COMPRESSED   0x00000004   Data   RW         1454    .data               yolo.o
    0x20001dec   COMPRESSED   0x00000004   Data   RW         1455    .data               yolo.o
    0x20001df0   COMPRESSED   0x00000004   Data   RW         1456    .data               yolo.o
    0x20001df4   COMPRESSED   0x00000030   Data   RW         1457    .data               yolo.o
    0x20001e24   COMPRESSED   0x00000004   Data   RW         1458    .data               yolo.o
    0x20001e28   COMPRESSED   0x00000004   Data   RW         1459    .data               yolo.o
    0x20001e2c   COMPRESSED   0x0000000c   Data   RW         1460    .data               yolo.o
    0x20001e38   COMPRESSED   0x00000004   Data   RW         1461    .data               yolo.o
    0x20001e3c   COMPRESSED   0x00000030   Data   RW         1462    .data               yolo.o
    0x20001e6c   COMPRESSED   0x00000004   Data   RW         1463    .data               yolo.o
    0x20001e70   COMPRESSED   0x00000004   Data   RW         1464    .data               yolo.o
    0x20001e74   COMPRESSED   0x0000000c   Data   RW         1465    .data               yolo.o
    0x20001e80   COMPRESSED   0x00000004   Data   RW         1466    .data               yolo.o
    0x20001e84   COMPRESSED   0x00000030   Data   RW         1467    .data               yolo.o
    0x20001eb4   COMPRESSED   0x00000004   Data   RW         1468    .data               yolo.o
    0x20001eb8   COMPRESSED   0x00000004   Data   RW         1469    .data               yolo.o
    0x20001ebc   COMPRESSED   0x00000004   Data   RW         1470    .data               yolo.o
    0x20001ec0   COMPRESSED   0x00000004   Data   RW         1471    .data               yolo.o
    0x20001ec4   COMPRESSED   0x00000030   Data   RW         1472    .data               yolo.o
    0x20001ef4   COMPRESSED   0x00000004   Data   RW         1473    .data               yolo.o
    0x20001ef8   COMPRESSED   0x00000004   Data   RW         1474    .data               yolo.o
    0x20001efc   COMPRESSED   0x0000000c   Data   RW         1475    .data               yolo.o
    0x20001f08   COMPRESSED   0x00000004   Data   RW         1476    .data               yolo.o
    0x20001f0c   COMPRESSED   0x00000030   Data   RW         1477    .data               yolo.o
    0x20001f3c   COMPRESSED   0x00000004   Data   RW         1478    .data               yolo.o
    0x20001f40   COMPRESSED   0x00000004   Data   RW         1479    .data               yolo.o
    0x20001f44   COMPRESSED   0x00000004   Data   RW         1480    .data               yolo.o
    0x20001f48   COMPRESSED   0x00000004   Data   RW         1481    .data               yolo.o
    0x20001f4c   COMPRESSED   0x00000030   Data   RW         1482    .data               yolo.o
    0x20001f7c   COMPRESSED   0x00000010   Data   RW         1483    .data               yolo.o
    0x20001f8c   COMPRESSED   0x00000004   Data   RW         1484    .data               yolo.o
    0x20001f90   COMPRESSED   0x00000004   Data   RW         1485    .data               yolo.o
    0x20001f94   COMPRESSED   0x00000004   Data   RW         1486    .data               yolo.o
    0x20001f98   COMPRESSED   0x00000004   Data   RW         1487    .data               yolo.o
    0x20001f9c   COMPRESSED   0x00000030   Data   RW         1488    .data               yolo.o
    0x20001fcc   COMPRESSED   0x00000004   Data   RW         1489    .data               yolo.o
    0x20001fd0   COMPRESSED   0x00000004   Data   RW         1490    .data               yolo.o
    0x20001fd4   COMPRESSED   0x0000000c   Data   RW         1491    .data               yolo.o
    0x20001fe0   COMPRESSED   0x00000004   Data   RW         1492    .data               yolo.o
    0x20001fe4   COMPRESSED   0x00000030   Data   RW         1493    .data               yolo.o
    0x20002014   COMPRESSED   0x00000010   Data   RW         1494    .data               yolo.o
    0x20002024   COMPRESSED   0x00000010   Data   RW         1495    .data               yolo.o
    0x20002034   COMPRESSED   0x0000001c   Data   RW         1496    .data               yolo.o
    0x20002050   COMPRESSED   0x00000010   Data   RW         1497    .data               yolo.o
    0x20002060   COMPRESSED   0x0000001c   Data   RW         1498    .data               yolo.o
    0x2000207c   COMPRESSED   0x00000004   Data   RW         1499    .data               yolo.o
    0x20002080   COMPRESSED   0x00000008   Data   RW         1500    .data               yolo.o
    0x20002088   COMPRESSED   0x0000000c   Data   RW         1501    .data               yolo.o
    0x20002094   COMPRESSED   0x00000004   Data   RW         1502    .data               yolo.o
    0x20002098   COMPRESSED   0x00000008   Data   RW         1503    .data               yolo.o
    0x200020a0   COMPRESSED   0x0000000c   Data   RW         1504    .data               yolo.o
    0x200020ac   COMPRESSED   0x00000018   Data   RW         1505    .data               yolo.o
    0x200020c4   COMPRESSED   0x00000874   Data   RW         1506    .data               yolo.o
    0x20002938   COMPRESSED   0x0000001c   Data   RW         1507    .data               yolo.o
    0x20002954   COMPRESSED   0x0000001c   Data   RW         1508    .data               yolo.o
    0x20002970   COMPRESSED   0x0000001c   Data   RW         1509    .data               yolo.o
    0x2000298c   COMPRESSED   0x0000001c   Data   RW         1510    .data               yolo.o
    0x200029a8   COMPRESSED   0x0000001c   Data   RW         1511    .data               yolo.o
    0x200029c4   COMPRESSED   0x0000001c   Data   RW         1512    .data               yolo.o
    0x200029e0   COMPRESSED   0x0000001c   Data   RW         1513    .data               yolo.o
    0x200029fc   COMPRESSED   0x0000001c   Data   RW         1514    .data               yolo.o
    0x20002a18   COMPRESSED   0x0000001c   Data   RW         1515    .data               yolo.o
    0x20002a34   COMPRESSED   0x0000001c   Data   RW         1516    .data               yolo.o
    0x20002a50   COMPRESSED   0x0000001c   Data   RW         1517    .data               yolo.o
    0x20002a6c   COMPRESSED   0x0000001c   Data   RW         1518    .data               yolo.o
    0x20002a88   COMPRESSED   0x0000001c   Data   RW         1519    .data               yolo.o
    0x20002aa4   COMPRESSED   0x0000001c   Data   RW         1520    .data               yolo.o
    0x20002ac0   COMPRESSED   0x0000001c   Data   RW         1521    .data               yolo.o
    0x20002adc   COMPRESSED   0x0000001c   Data   RW         1522    .data               yolo.o
    0x20002af8   COMPRESSED   0x0000001c   Data   RW         1523    .data               yolo.o
    0x20002b14   COMPRESSED   0x0000001c   Data   RW         1524    .data               yolo.o
    0x20002b30   COMPRESSED   0x0000001c   Data   RW         1525    .data               yolo.o
    0x20002b4c   COMPRESSED   0x0000001c   Data   RW         1526    .data               yolo.o
    0x20002b68   COMPRESSED   0x0000001c   Data   RW         1527    .data               yolo.o
    0x20002b84   COMPRESSED   0x0000001c   Data   RW         1528    .data               yolo.o
    0x20002ba0   COMPRESSED   0x0000001c   Data   RW         1529    .data               yolo.o
    0x20002bbc   COMPRESSED   0x0000001c   Data   RW         1530    .data               yolo.o
    0x20002bd8   COMPRESSED   0x0000001c   Data   RW         1531    .data               yolo.o
    0x20002bf4   COMPRESSED   0x0000001c   Data   RW         1532    .data               yolo.o
    0x20002c10   COMPRESSED   0x0000001c   Data   RW         1533    .data               yolo.o
    0x20002c2c   COMPRESSED   0x0000001c   Data   RW         1534    .data               yolo.o
    0x20002c48   COMPRESSED   0x0000001c   Data   RW         1535    .data               yolo.o
    0x20002c64   COMPRESSED   0x0000001c   Data   RW         1536    .data               yolo.o
    0x20002c80   COMPRESSED   0x0000001c   Data   RW         1537    .data               yolo.o
    0x20002c9c   COMPRESSED   0x0000001c   Data   RW         1538    .data               yolo.o
    0x20002cb8   COMPRESSED   0x0000001c   Data   RW         1539    .data               yolo.o
    0x20002cd4   COMPRESSED   0x0000001c   Data   RW         1540    .data               yolo.o
    0x20002cf0   COMPRESSED   0x0000001c   Data   RW         1541    .data               yolo.o
    0x20002d0c   COMPRESSED   0x0000001c   Data   RW         1542    .data               yolo.o
    0x20002d28   COMPRESSED   0x0000001c   Data   RW         1543    .data               yolo.o
    0x20002d44   COMPRESSED   0x0000001c   Data   RW         1544    .data               yolo.o
    0x20002d60   COMPRESSED   0x0000001c   Data   RW         1545    .data               yolo.o
    0x20002d7c   COMPRESSED   0x0000001c   Data   RW         1546    .data               yolo.o
    0x20002d98   COMPRESSED   0x0000001c   Data   RW         1547    .data               yolo.o
    0x20002db4   COMPRESSED   0x0000001c   Data   RW         1548    .data               yolo.o
    0x20002dd0   COMPRESSED   0x0000001c   Data   RW         1549    .data               yolo.o
    0x20002dec   COMPRESSED   0x0000001c   Data   RW         1550    .data               yolo.o
    0x20002e08   COMPRESSED   0x0000001c   Data   RW         1551    .data               yolo.o
    0x20002e24   COMPRESSED   0x0000001c   Data   RW         1552    .data               yolo.o
    0x20002e40   COMPRESSED   0x0000001c   Data   RW         1553    .data               yolo.o
    0x20002e5c   COMPRESSED   0x0000001c   Data   RW         1554    .data               yolo.o
    0x20002e78   COMPRESSED   0x0000001c   Data   RW         1555    .data               yolo.o
    0x20002e94   COMPRESSED   0x0000001c   Data   RW         1556    .data               yolo.o
    0x20002eb0   COMPRESSED   0x0000001c   Data   RW         1557    .data               yolo.o
    0x20002ecc   COMPRESSED   0x0000001c   Data   RW         1558    .data               yolo.o
    0x20002ee8   COMPRESSED   0x0000001c   Data   RW         1559    .data               yolo.o
    0x20002f04   COMPRESSED   0x0000001c   Data   RW         1560    .data               yolo.o
    0x20002f20   COMPRESSED   0x0000001c   Data   RW         1561    .data               yolo.o
    0x20002f3c   COMPRESSED   0x0000001c   Data   RW         1562    .data               yolo.o
    0x20002f58   COMPRESSED   0x0000001c   Data   RW         1563    .data               yolo.o
    0x20002f74   COMPRESSED   0x0000001c   Data   RW         1564    .data               yolo.o
    0x20002f90   COMPRESSED   0x0000001c   Data   RW         1565    .data               yolo.o
    0x20002fac   COMPRESSED   0x0000001c   Data   RW         1566    .data               yolo.o
    0x20002fc8   COMPRESSED   0x0000001c   Data   RW         1567    .data               yolo.o
    0x20002fe4   COMPRESSED   0x0000001c   Data   RW         1568    .data               yolo.o
    0x20003000   COMPRESSED   0x0000001c   Data   RW         1569    .data               yolo.o
    0x2000301c   COMPRESSED   0x0000001c   Data   RW         1570    .data               yolo.o
    0x20003038   COMPRESSED   0x0000001c   Data   RW         1571    .data               yolo.o
    0x20003054   COMPRESSED   0x0000001c   Data   RW         1572    .data               yolo.o
    0x20003070   COMPRESSED   0x0000001c   Data   RW         1573    .data               yolo.o
    0x2000308c   COMPRESSED   0x0000001c   Data   RW         1574    .data               yolo.o
    0x200030a8   COMPRESSED   0x0000001c   Data   RW         1575    .data               yolo.o
    0x200030c4   COMPRESSED   0x0000001c   Data   RW         1576    .data               yolo.o
    0x200030e0   COMPRESSED   0x0000001c   Data   RW         1577    .data               yolo.o
    0x200030fc   COMPRESSED   0x0000001c   Data   RW         1578    .data               yolo.o
    0x20003118   COMPRESSED   0x0000001c   Data   RW         1579    .data               yolo.o
    0x20003134   COMPRESSED   0x0000001c   Data   RW         1580    .data               yolo.o
    0x20003150   COMPRESSED   0x0000001c   Data   RW         1581    .data               yolo.o
    0x2000316c   COMPRESSED   0x0000001c   Data   RW         1582    .data               yolo.o
    0x20003188   COMPRESSED   0x0000001c   Data   RW         1583    .data               yolo.o
    0x200031a4   COMPRESSED   0x0000001c   Data   RW         1584    .data               yolo.o
    0x200031c0   COMPRESSED   0x0000001c   Data   RW         1585    .data               yolo.o
    0x200031dc   COMPRESSED   0x0000001c   Data   RW         1586    .data               yolo.o
    0x200031f8   COMPRESSED   0x0000001c   Data   RW         1587    .data               yolo.o
    0x20003214   COMPRESSED   0x0000001c   Data   RW         1588    .data               yolo.o
    0x20003230   COMPRESSED   0x0000001c   Data   RW         1589    .data               yolo.o
    0x2000324c   COMPRESSED   0x0000001c   Data   RW         1590    .data               yolo.o
    0x20003268   COMPRESSED   0x0000001c   Data   RW         1591    .data               yolo.o
    0x20003284   COMPRESSED   0x0000001c   Data   RW         1592    .data               yolo.o
    0x200032a0   COMPRESSED   0x0000001c   Data   RW         1593    .data               yolo.o
    0x200032bc   COMPRESSED   0x0000001c   Data   RW         1594    .data               yolo.o
    0x200032d8   COMPRESSED   0x0000001c   Data   RW         1595    .data               yolo.o
    0x200032f4   COMPRESSED   0x0000001c   Data   RW         1596    .data               yolo.o
    0x20003310   COMPRESSED   0x0000001c   Data   RW         1597    .data               yolo.o
    0x2000332c   COMPRESSED   0x0000001c   Data   RW         1598    .data               yolo.o
    0x20003348   COMPRESSED   0x0000001c   Data   RW         1599    .data               yolo.o
    0x20003364   COMPRESSED   0x0000001c   Data   RW         1600    .data               yolo.o
    0x20003380   COMPRESSED   0x0000001c   Data   RW         1601    .data               yolo.o
    0x2000339c   COMPRESSED   0x0000001c   Data   RW         1602    .data               yolo.o
    0x200033b8   COMPRESSED   0x0000001c   Data   RW         1603    .data               yolo.o
    0x200033d4   COMPRESSED   0x0000001c   Data   RW         1604    .data               yolo.o
    0x200033f0   COMPRESSED   0x0000001c   Data   RW         1605    .data               yolo.o
    0x2000340c   COMPRESSED   0x0000001c   Data   RW         1606    .data               yolo.o
    0x20003428   COMPRESSED   0x0000001c   Data   RW         1607    .data               yolo.o
    0x20003444   COMPRESSED   0x0000001c   Data   RW         1608    .data               yolo.o
    0x20003460   COMPRESSED   0x0000001c   Data   RW         1609    .data               yolo.o
    0x2000347c   COMPRESSED   0x0000001c   Data   RW         1610    .data               yolo.o
    0x20003498   COMPRESSED   0x0000001c   Data   RW         1611    .data               yolo.o
    0x200034b4   COMPRESSED   0x0000001c   Data   RW         1612    .data               yolo.o
    0x200034d0   COMPRESSED   0x0000001c   Data   RW         1613    .data               yolo.o
    0x200034ec   COMPRESSED   0x0000001c   Data   RW         1614    .data               yolo.o
    0x20003508   COMPRESSED   0x0000001c   Data   RW         1615    .data               yolo.o
    0x20003524   COMPRESSED   0x0000001c   Data   RW         1616    .data               yolo.o
    0x20003540   COMPRESSED   0x0000001c   Data   RW         1617    .data               yolo.o
    0x2000355c   COMPRESSED   0x0000001c   Data   RW         1618    .data               yolo.o
    0x20003578   COMPRESSED   0x0000001c   Data   RW         1619    .data               yolo.o
    0x20003594   COMPRESSED   0x0000001c   Data   RW         1620    .data               yolo.o
    0x200035b0   COMPRESSED   0x0000001c   Data   RW         1621    .data               yolo.o
    0x200035cc   COMPRESSED   0x0000001c   Data   RW         1622    .data               yolo.o
    0x200035e8   COMPRESSED   0x0000001c   Data   RW         1623    .data               yolo.o
    0x20003604   COMPRESSED   0x0000001c   Data   RW         1624    .data               yolo.o
    0x20003620   COMPRESSED   0x0000001c   Data   RW         1625    .data               yolo.o
    0x2000363c   COMPRESSED   0x0000001c   Data   RW         1626    .data               yolo.o
    0x20003658   COMPRESSED   0x0000001c   Data   RW         1627    .data               yolo.o
    0x20003674   COMPRESSED   0x0000001c   Data   RW         1628    .data               yolo.o
    0x20003690   COMPRESSED   0x0000001c   Data   RW         1629    .data               yolo.o
    0x200036ac   COMPRESSED   0x0000001c   Data   RW         1630    .data               yolo.o
    0x200036c8   COMPRESSED   0x0000001c   Data   RW         1631    .data               yolo.o
    0x200036e4   COMPRESSED   0x0000001c   Data   RW         1632    .data               yolo.o
    0x20003700   COMPRESSED   0x0000001c   Data   RW         1633    .data               yolo.o
    0x2000371c   COMPRESSED   0x0000001c   Data   RW         1634    .data               yolo.o
    0x20003738   COMPRESSED   0x0000001c   Data   RW         1635    .data               yolo.o
    0x20003754   COMPRESSED   0x0000001c   Data   RW         1636    .data               yolo.o
    0x20003770   COMPRESSED   0x00000044   Data   RW         1637    .data               yolo.o
    0x200037b4   COMPRESSED   0x00000020   Data   RW         1638    .data               yolo.o
    0x200037d4   COMPRESSED   0x00000044   Data   RW         1639    .data               yolo.o
    0x20003818   COMPRESSED   0x00000020   Data   RW         1640    .data               yolo.o
    0x20003838   COMPRESSED   0x00000044   Data   RW         1641    .data               yolo.o
    0x2000387c   COMPRESSED   0x0000002c   Data   RW         1642    .data               yolo.o
    0x200038a8   COMPRESSED   0x00000020   Data   RW         1643    .data               yolo.o
    0x200038c8   COMPRESSED   0x00000044   Data   RW         1644    .data               yolo.o
    0x2000390c   COMPRESSED   0x00000020   Data   RW         1645    .data               yolo.o
    0x2000392c   COMPRESSED   0x00000038   Data   RW         1646    .data               yolo.o
    0x20003964   COMPRESSED   0x00000020   Data   RW         1647    .data               yolo.o
    0x20003984   COMPRESSED   0x00000020   Data   RW         1648    .data               yolo.o
    0x200039a4   COMPRESSED   0x00000044   Data   RW         1649    .data               yolo.o
    0x200039e8   COMPRESSED   0x00000024   Data   RW         1650    .data               yolo.o
    0x20003a0c   COMPRESSED   0x00000044   Data   RW         1651    .data               yolo.o
    0x20003a50   COMPRESSED   0x00000020   Data   RW         1652    .data               yolo.o
    0x20003a70   COMPRESSED   0x00000044   Data   RW         1653    .data               yolo.o
    0x20003ab4   COMPRESSED   0x0000002c   Data   RW         1654    .data               yolo.o
    0x20003ae0   COMPRESSED   0x00000020   Data   RW         1655    .data               yolo.o
    0x20003b00   COMPRESSED   0x00000044   Data   RW         1656    .data               yolo.o
    0x20003b44   COMPRESSED   0x00000024   Data   RW         1657    .data               yolo.o
    0x20003b68   COMPRESSED   0x00000044   Data   RW         1658    .data               yolo.o
    0x20003bac   COMPRESSED   0x00000020   Data   RW         1659    .data               yolo.o
    0x20003bcc   COMPRESSED   0x00000044   Data   RW         1660    .data               yolo.o
    0x20003c10   COMPRESSED   0x0000002c   Data   RW         1661    .data               yolo.o
    0x20003c3c   COMPRESSED   0x00000020   Data   RW         1662    .data               yolo.o
    0x20003c5c   COMPRESSED   0x00000044   Data   RW         1663    .data               yolo.o
    0x20003ca0   COMPRESSED   0x00000044   Data   RW         1664    .data               yolo.o
    0x20003ce4   COMPRESSED   0x00000020   Data   RW         1665    .data               yolo.o
    0x20003d04   COMPRESSED   0x00000044   Data   RW         1666    .data               yolo.o
    0x20003d48   COMPRESSED   0x0000002c   Data   RW         1667    .data               yolo.o
    0x20003d74   COMPRESSED   0x00000020   Data   RW         1668    .data               yolo.o
    0x20003d94   COMPRESSED   0x00000044   Data   RW         1669    .data               yolo.o
    0x20003dd8   COMPRESSED   0x00000020   Data   RW         1670    .data               yolo.o
    0x20003df8   COMPRESSED   0x00000038   Data   RW         1671    .data               yolo.o
    0x20003e30   COMPRESSED   0x00000020   Data   RW         1672    .data               yolo.o
    0x20003e50   COMPRESSED   0x00000020   Data   RW         1673    .data               yolo.o
    0x20003e70   COMPRESSED   0x00000044   Data   RW         1674    .data               yolo.o
    0x20003eb4   COMPRESSED   0x00000024   Data   RW         1675    .data               yolo.o
    0x20003ed8   COMPRESSED   0x00000044   Data   RW         1676    .data               yolo.o
    0x20003f1c   COMPRESSED   0x00000020   Data   RW         1677    .data               yolo.o
    0x20003f3c   COMPRESSED   0x00000044   Data   RW         1678    .data               yolo.o
    0x20003f80   COMPRESSED   0x0000002c   Data   RW         1679    .data               yolo.o
    0x20003fac   COMPRESSED   0x00000020   Data   RW         1680    .data               yolo.o
    0x20003fcc   COMPRESSED   0x00000044   Data   RW         1681    .data               yolo.o
    0x20004010   COMPRESSED   0x00000044   Data   RW         1682    .data               yolo.o
    0x20004054   COMPRESSED   0x00000020   Data   RW         1683    .data               yolo.o
    0x20004074   COMPRESSED   0x00000044   Data   RW         1684    .data               yolo.o
    0x200040b8   COMPRESSED   0x0000002c   Data   RW         1685    .data               yolo.o
    0x200040e4   COMPRESSED   0x00000020   Data   RW         1686    .data               yolo.o
    0x20004104   COMPRESSED   0x00000044   Data   RW         1687    .data               yolo.o
    0x20004148   COMPRESSED   0x00000044   Data   RW         1688    .data               yolo.o
    0x2000418c   COMPRESSED   0x00000020   Data   RW         1689    .data               yolo.o
    0x200041ac   COMPRESSED   0x00000044   Data   RW         1690    .data               yolo.o
    0x200041f0   COMPRESSED   0x0000002c   Data   RW         1691    .data               yolo.o
    0x2000421c   COMPRESSED   0x00000020   Data   RW         1692    .data               yolo.o
    0x2000423c   COMPRESSED   0x00000044   Data   RW         1693    .data               yolo.o
    0x20004280   COMPRESSED   0x00000010   Data   RW         1929    .data               yolo_data.o
    0x20004290   COMPRESSED   0x00000010   Data   RW         1930    .data               yolo_data.o
    0x200042a0   COMPRESSED   0x0000001c   Data   RW         1931    .data               yolo_data.o
    0x200042bc   COMPRESSED   0x0000001c   Data   RW         1932    .data               yolo_data.o
    0x200042d8   COMPRESSED   0x0000000c   Data   RW         2090    .data               lcd_fonts.o
    0x200042e4   COMPRESSED   0x00000008   Data   RW         2146    .data               lcd_spi_154.o
    0x200042ec   COMPRESSED   0x00000008   Data   RW         2493    .data               dcmi_ov5640.o
    0x200042f4   COMPRESSED   0x00000002   Data   RW         2687    .data               ui.o
    0x200042f6   COMPRESSED   0x00000002   PAD
    0x200042f8   COMPRESSED   0x0000000c   Data   RW         4387    .data               stm32h7xx_hal.o
    0x20004304   COMPRESSED   0x00000008   Data   RW         6156    .data               system_stm32h7xx.o
    0x2000430c   COMPRESSED   0x00000004   Data   RW         8308    .data               mc_w.l(stdout.o)
    0x20004310   COMPRESSED   0x00000004   Data   RW         8320    .data               mc_w.l(errno.o)
    0x20004314   COMPRESSED   0x0000000c   PAD
    0x20004320        -       0x000075dc   Zero   RW          370    .bss                app_x-cube-ai.o
    0x2000b8fc        -       0x00000320   Zero   RW          371    .bss                app_x-cube-ai.o
    0x2000bc1c        -       0x00000010   Zero   RW          478    .bss                yolo.o
    0x2000bc2c        -       0x00000010   Zero   RW          479    .bss                yolo.o
    0x2000bc3c        -       0x00000010   Zero   RW          480    .bss                yolo.o
    0x2000bc4c        -       0x00000010   Zero   RW          481    .bss                yolo.o
    0x2000bc5c        -       0x00000010   Zero   RW          482    .bss                yolo.o
    0x2000bc6c        -       0x00000010   Zero   RW          483    .bss                yolo.o
    0x2000bc7c        -       0x00000010   Zero   RW          484    .bss                yolo.o
    0x2000bc8c        -       0x00000010   Zero   RW          485    .bss                yolo.o
    0x2000bc9c        -       0x00000010   Zero   RW          486    .bss                yolo.o
    0x2000bcac        -       0x00000010   Zero   RW          487    .bss                yolo.o
    0x2000bcbc        -       0x00000010   Zero   RW          488    .bss                yolo.o
    0x2000bccc        -       0x00000010   Zero   RW          489    .bss                yolo.o
    0x2000bcdc        -       0x00000010   Zero   RW          490    .bss                yolo.o
    0x2000bcec        -       0x00000010   Zero   RW          491    .bss                yolo.o
    0x2000bcfc        -       0x00000010   Zero   RW          492    .bss                yolo.o
    0x2000bd0c        -       0x00000010   Zero   RW          493    .bss                yolo.o
    0x2000bd1c        -       0x00000010   Zero   RW          494    .bss                yolo.o
    0x2000bd2c        -       0x00000010   Zero   RW          495    .bss                yolo.o
    0x2000bd3c        -       0x00000010   Zero   RW          496    .bss                yolo.o
    0x2000bd4c        -       0x00000010   Zero   RW          497    .bss                yolo.o
    0x2000bd5c        -       0x00000010   Zero   RW          498    .bss                yolo.o
    0x2000bd6c        -       0x00000010   Zero   RW          499    .bss                yolo.o
    0x2000bd7c        -       0x00000010   Zero   RW          500    .bss                yolo.o
    0x2000bd8c        -       0x0000001c   Zero   RW          501    .bss                yolo.o
    0x2000bda8        -       0x00000010   Zero   RW          502    .bss                yolo.o
    0x2000bdb8        -       0x0000001c   Zero   RW          503    .bss                yolo.o
    0x2000bdd4        -       0x00000010   Zero   RW          504    .bss                yolo.o
    0x2000bde4        -       0x00000094   Zero   RW         2034    .bss                usart.o
    0x2000be78        -       0x00000898   Zero   RW         2145    .bss                lcd_spi_154.o
    0x2000c710        -       0x000000c8   Zero   RW         2491    .bss                dcmi_ov5640.o
    0x2000c7d8        -       0x0000003c   Zero   RW         2686    .bss                ui.o
    0x2000c814   COMPRESSED   0x00000004   PAD
    0x2000c818        -       0x00000800   Zero   RW            1    STACK               startup_stm32h750xx.o


==============================================================================

Image component sizes


      Code (inc. data)   RO Data    RW Data    ZI Data      Debug   Object Name

      1438        266          4         32      30972      10588   app_x-cube-ai.o
      1508        268       5141          8        200      14422   dcmi_ov5640.o
         0          0       4560         12          0       1943   lcd_fonts.o
      2690        160          0          8       2200      17825   lcd_spi_154.o
        76          8          0          0          0        955   led.o
       590         28          0         16          0    1334113   main.o
       972         44          0          0          0       8551   sccb.o
        44         12        664          0       2048        840   startup_stm32h750xx.o
       232         44          0         12          0      23440   stm32h7xx_hal.o
       354         28          0          0          0      41825   stm32h7xx_hal_cortex.o
       926         22          0          0          0       7953   stm32h7xx_hal_dcmi.o
      5124        218          8          0          0      10782   stm32h7xx_hal_dma.o
      1432         56          0          0          0       3361   stm32h7xx_hal_dma_ex.o
       576         50          0          0          0       2899   stm32h7xx_hal_gpio.o
        28          6          0          0          0        826   stm32h7xx_hal_msp.o
        84          6          0          0          0        797   stm32h7xx_hal_pwr_ex.o
      2466        102          0          0          0       7112   stm32h7xx_hal_rcc.o
      3736        118          0          0          0       7833   stm32h7xx_hal_rcc_ex.o
      1206         14          0          0          0       4634   stm32h7xx_hal_spi.o
      1824        112         24          0          0      26810   stm32h7xx_hal_uart.o
       284          6         16          0          0       3745   stm32h7xx_hal_uart_ex.o
        44         12          0          0          0       5182   stm32h7xx_it.o
       250         42         16          8          0       1893   system_stm32h7xx.o
       360         62          0          2         60       2190   ui.o
       232         28          0          0        148       3630   usart.o
      2798         40       9521      16976        456      78353   yolo.o
        40          4        104         88          0      15728   yolo_data.o
         0          0      11304          0          0        737   yolo_data_params.o

    ----------------------------------------------------------------------
     29352       1756      31632      17164      36088    1638967   Object Totals
         0          0         32          0          0          0   (incl. Generated)
        38          0        238          2          4          0   (incl. Padding)

    ----------------------------------------------------------------------

      Code (inc. data)   RO Data    RW Data    ZI Data      Debug   Library Member Name

       408         54          0          0          0        488   ai_datatypes_format.o
        52          6          0          0          0        244   ai_datatypes_internal.o
       384          0          0          0          0        144   ai_math_elementwise_sum_int8.o
       666          0          0          0          0        256   ai_math_helpers.o
       158          8          0          0          0        368   ai_platform.o
      2216         72        104          0          0       2768   ai_platform_interface.o
        42          0          0          0          0        348   core_common.o
       448          0          0          0          0        248   core_convert.o
       448          4         28          0          0        276   core_utils.o
       938          0          0          0          0        268   forward_lite_conv2d_sssa8_ch.o
        56          0          0          0          0        744   forward_lite_convert.o
      1860          0          0          0          0        288   forward_lite_dw_sssa8_ch.o
       320          6          0          0          0        148   forward_lite_maxpool_is8os8.o
       320          6          0          0          0        148   forward_lite_maxpool_is8os8_scalepos.o
       978          0          0          0          0        724   forward_lite_pad_generic.o
       570          0          0          0          0        160   forward_lite_pw_sssa8_ch.o
       226          6          0          0          0        628   layers.o
       500          0          0          0          0        160   layers_conv2d_rgb_sssa8_ch.o
       580          0          0          0          0        392   layers_dw_sssa8_ch.o
      1206         10          0          0          0        300   layers_generic_float.o
       182          0          0          0          0        380   layers_nl_stm32_integer.o
       728          0          0          0          0        560   layers_pad_generic.o
       392          0          0          0          0        292   layers_pool_stm32_integer.o
       570          0          0          0          0        392   layers_pw_sssa8_ch.o
       974         10        168          0          0        504   layers_stm32_integer.o
       484         10          0          0          0        732   lite_convert_kernel.o
        76          0          0          0          0        132   st_align_factor.o
       224          0          0          0          0        256   st_int8_fill.o
       592          0          0          0          0        148   st_int8_to16_no_shift.o
       222          0          0          0          0        248   st_padding_opt.o
       168          0          0          0          0        140   st_sssa8_ch_convolve.o
       828          0          0          0          0          0   st_sssa8_ch_nn_mat_mult_kernel_opt.o
       620          0          0          0          0        148   st_sssa8_ch_nn_mat_mult_kernel_single_opt.o
       486          0          0          0          0        280   st_sssa8_ch_nn_mat_mult_nt_t.o
      2736          0          0          0          0          0   st_sssa8_ch_nn_mat_mult_pw_nt_t.o
       500         74         48          0          0        236   expf.o
        38          0          0          0          0        116   fpclassifyf.o
        38         12          0          0          0        348   funder.o
        86          0          0          0          0          0   __dczerorl2.o
         0          0          0          0          0          0   entry.o
         0          0          0          0          0          0   entry10a.o
         0          0          0          0          0          0   entry11a.o
         8          4          0          0          0          0   entry2.o
         4          0          0          0          0          0   entry5.o
         0          0          0          0          0          0   entry7b.o
         0          0          0          0          0          0   entry8b.o
         8          4          0          0          0          0   entry9a.o
        12          6          0          4          0         68   errno.o
        30          0          0          0          0          0   handlers.o
        36          8          0          0          0         68   init.o
         0          0          0          0          0          0   iusefp.o
        30          0          0          0          0         68   llshl.o
        36          0          0          0          0         68   llsshr.o
        32          0          0          0          0         68   llushr.o
        26          0          0          0          0         80   memcmp.o
        36          0          0          0          0         68   memcpya.o
        36          0          0          0          0        108   memseta.o
      2308         96          0          0          0        604   printfa.o
         0          0          0          4          0          0   stdout.o
        44          0          0          0          0         80   uidiv.o
        98          0          0          0          0         92   uldiv.o
        48          0          0          0          0         68   cdrcmple.o
       334          0          0          0          0        148   dadd.o
       222          0          0          0          0        100   ddiv.o
       186          0          0          0          0        176   depilogue.o
        48          0          0          0          0         68   dfixul.o
       228          0          0          0          0         96   dmul.o

    ----------------------------------------------------------------------
     26168        396        348          8         12      16040   Library Totals
        38          0          0          0         12          0   (incl. Padding)

    ----------------------------------------------------------------------

      Code (inc. data)   RO Data    RW Data    ZI Data      Debug   Library Name

     21658        192        300          0          0      13312   NetworkRuntime1020_CM7_Keil.lib
       576         86         48          0          0        700   m_wv.l
      2830        118          0          8          0       1372   mc_w.l
      1066          0          0          0          0        656   mf_w.l

    ----------------------------------------------------------------------
     26168        396        348          8         12      16040   Library Totals

    ----------------------------------------------------------------------

==============================================================================


      Code (inc. data)   RO Data    RW Data    ZI Data      Debug   

     55520       2152      31980      17172      36100    1628251   Grand Totals
     55520       2152      31980       5776      36100    1628251   ELF Image Totals (compressed)
     55520       2152      31980       5776          0          0   ROM Totals

==============================================================================

    Total RO  Size (Code + RO Data)                87500 (  85.45kB)
    Total RW  Size (RW Data + ZI Data)             53272 (  52.02kB)
    Total ROM Size (Code + RO Data + RW Data)      93276 (  91.09kB)

==============================================================================

